bannerbmp.bmp
dialogbmp.bmp
Helper.dll
License.rtf
Make.bat
Makefile
makezip.bat
MySEQ.installer.wixproj
MySEQ.sln
myseq.xml
zipit.lst
client\.cvsignore
client\AboutDlg.cs
client\AboutDlg.resx
client\App.bmp
client\app.config
client\App.ico
client\app.manifest
client\AssemblyInfo.cs
client\Classes.cs
client\ClientReleaseNotes.htm
client\ColorManager.cs
client\Compile.bat
client\crunchmaps
client\diff_it.bat
client\Docking.bmp
client\EQCommunications.cs
client\EQData.cs
client\EQMap.cs
client\Filters.cs
client\frmAddMapText.cs
client\frmAddMapText.Designer.cs
client\frmAddMapText.resx
client\frmDialogBox.cs
client\frmDialogBox.Designer.cs
client\frmDialogBox.resx
client\frmLogin.cs
client\frmLogin.Designer.cs
client\frmLogin.resx
client\frmMain.cs
client\frmMain.resx
client\frmOptions.cs
client\frmOptions.resx
client\gpl-2.0.txt
client\license.txt
client\ListBoxPanel.cs
client\ListBoxPanel.resx
client\ListViewPanel.cs
client\ListViewPanel.resx
client\LogLib.cs
client\magiclibrary.dll
client\Makefile
client\MapCon.cs
client\MapCon.resx
client\MapControls.cs
client\mapconvert.vbs
client\MapPane.cs
client\MapPane.resx
client\MapReader.cs
client\MobsTimer.cs
client\MySEQ.client.csproj
client\MySEQ.client.sln
client\myseq.csproj
client\myseq.sln
client\Process.cs
client\Settings.cs
client\SoDConLevels.Ini
client\speechlib.dll
client\Structures.cs
client\UtilSocket.cs
client\WeifenLuo.WinFormsUI.Docking.dll
client\cfg\Classes.txt
client\cfg\ConLevels.Ini
client\cfg\GroundItems.Ini
client\cfg\Races.txt
client\cfg\RGB.txt
client\cfg\Zones.ini
client\cfg\BodyTypes.txt
client\maps\default.txt
client\Properties\Resources.Designer.cs
client\Properties\Resources.resx
client\Properties\app.manifest
client\Resources\base_floppydisk_32.png
client\Resources\BlackX.bmp
client\Resources\Decrease.bmp
client\Resources\Depth.PNG
client\Resources\DF.bmp
client\Resources\ExpandSpaceHS.png
client\Resources\File.ico
client\Resources\Increase.bmp
client\Resources\openfolderHS.png
client\Resources\options.bmp
client\Resources\PlayHS.png
client\Resources\RedDelete.png
client\Resources\RefreshArrow.png
client\Resources\SearchWeb.bmp
client\Resources\ShowGridlines.png
client\Resources\ShrinkSpaceHS.PNG
client\Resources\toolbar.bmp
client\Resources\toolbar2.bmp
client\Resources\ZoomIn.png
client\Resources\ZoomOut.png
client\Resources\Zoom_In.png
client\Resources\Zoom_Out.png
examples\DoubleBufferExample\DoubleBufferExample.csproj
examples\DoubleBufferExample\DoubleBufferExample.csproj.user
examples\DoubleBufferExample\DoubleBufferExample.cs
examples\GraphicsExamples\GraphicsExamples.csproj
examples\GraphicsExamples\GraphicsExamples.Designer.cs
examples\GraphicsExamples\GraphicsExamples.resx
examples\GraphicsExamples\Program.cs
examples\GraphicsExamples\GraphicsExamples.cs
server\.cvsignore
server\Common.h
server\config.ini
server\Debugger.cpp
server\Debugger.h
server\EQEmu-myseqserver.ini
server\EQGamePatterns.h
server\EQGameScanner.cpp
server\EQGameScanner.h
server\EQMac-myseqserver.ini
server\gpl-2.0.txt
server\gpl-3.0.txt
server\IniReader.cpp
server\IniReader.h
server\Item.cpp
server\Item.h
server\Makefile
server\MemReader.cpp
server\MemReader.h
server\MySEQ.server.bmp
server\MySEQ.server.cpp
server\MySEQ.server.h
server\MySEQ.server.ico
server\MySEQ.server.rc
server\MySEQ.server.sln
server\MySEQ.server.vcproj
server\MySEQ.server.vcxproj
server\MySEQ.server.w32.vcproj
server\MySEQ.server.w32.vcxproj
server\myseqserver.ini
server\myseqserverc.cpp
server\myseqserverc.sln
server\myseqserverc.vcproj
server\myseqserverc.vcxproj
server\NetworkServer.cpp
server\NetworkServer.h
server\resource.h
server\ServerReleaseNotes.html
server\SoD-myseqserver.ini
server\SoF-myseqserver.ini
server\Spawn.cpp
server\Spawn.h
server\stdafx.cpp
server\stdafx.h
server\targetver.h
server\World.cpp
server\World.h
wix\candle.exe
wix\candle.exe.config
wix\dark.exe
wix\dark.exe.config
wix\License.rtf
wix\light.exe
wix\light.exe.config
wix\lit.exe
wix\lit.exe.config
wix\mergemod.dll
wix\Microsoft.Tools.WindowsInstallerXml.NAntTasks.dll
wix\netfx.wixlib
wix\netfxca.dll
wix\samplewixui.zip
wix\sca.wixlib
wix\scaexec.dll
wix\scasched.dll
wix\tallow.exe
wix\tallow.exe.config
wix\vs.wixlib
wix\winterop.dll
wix\wix.dll
wix\wix.targets
wix\wixca.dll
wix\wixca.wixlib
wix\WixCop.exe
wix\WixMMCExtension.dll
wix\WixNetFxExtension.dll
wix\WixTasks.dll
wix\wixui.wixlib
wix\WixUI_en-us.wxl
wix\WixVSExtension.dll
wix\Bitmaps\dlgbmp.bmp
wix\Bitmaps\exclamic.ico
wix\Bitmaps\info.ico
wix\Bitmaps\New.ico
wix\Bitmaps\Up.ico
wix\Bitmaps\bannrbmp.bmp
wix\doc\vs.xsd
wix\doc\WiX.chm
wix\doc\wix.xsd
wix\doc\wixloc.xsd
wix\doc\netfx.xsd
wix\sdk\MsgGen.exe
wix\sdk\DocCompiler.exe
wix\sdk\inc\aclutil.h
wix\sdk\inc\cabcutil.h
wix\sdk\inc\cabutil.h
wix\sdk\inc\dirutil.h
wix\sdk\inc\dutil.h
wix\sdk\inc\fileutil.h
wix\sdk\inc\inetutil.h
wix\sdk\inc\memutil.h
wix\sdk\inc\metautil.h
wix\sdk\inc\perfutil.h
wix\sdk\inc\rssutil.h
wix\sdk\inc\sqlutil.h
wix\sdk\inc\strutil.h
wix\sdk\inc\timeutil.h
wix\sdk\inc\wcautil.h
wix\sdk\inc\xmlutil.h
wix\sdk\lib\wcautil.lib
wix\sdk\lib\dutil.lib